// Jest Snapshot v1, https://goo.gl/fbAQLP

exports[`print formats objects nicely 1`] = `
"{
  \\"location\\": {
    \\"city\\": \\"London\\"
  }
}"
`;
